// Jest Snapshot v1, https://goo.gl/fbAQLP

exports[`Testing SignIn component SignIn renderers 1`] = `
<SignInView
  backButton={[Function]}
  onChangeConfirmPassword={[Function]}
  onChangeEmail={[Function]}
  onChangeFirstName={[Function]}
  onChangeLastName={[Function]}
  onChangePassword={[Function]}
  signIn={[Function]}
  user={
    Object {
      "confirmPassword": "",
      "email": "",
      "firstName": "",
      "lastName": "",
      "password": "",
    }
  }
  userErrors={
    Object {
      "confirmPasswordError": "",
      "emailError": "",
      "firstNameError": "",
      "lastNameError": "",
      "passwordError": "",
    }
  }
/>
`;

exports[`Testing requests Init session 1`] = `
Array [
  Object {
    "payload": Object {
      "data": Object {
        "displayName": "test",
        "email": "test@test.com",
        "uuid": 1002,
      },
    },
    "type": "save_user",
  },
]
`;
